[INFO] 2013-09-25 15:58:29.238 (quartzScheduler_Worker-3) job.EmarsysUploaderJob {} - ms : this file .
[INFO] 2013-09-25 15:58:29.373 (quartzScheduler_Worker-3) job.EmarsysUploaderJob {} - ms : conectado!
[INFO] 2013-09-25 15:58:29.374 (quartzScheduler_Worker-3) job.EmarsysUploaderJob {} - ms : this file .
[ERROR] 2013-09-25 15:58:29.400 (quartzScheduler_Worker-3) job.EmarsysUploaderJob {} - ms : java.io.IOException: Remote SCP error: scp: /Users/dnoseda/dev/Mkttools/mkttools-api/job/test/TEST_DIR/20130917050000_TO_20130918050000/BRAZNEW/BOUNCES.csv: No such file or directory
[INFO] 2013-09-25 15:58:29.598 (quartzScheduler_Worker-3) job.EmarsysUploaderJob {} - ms : dateFile 201309170
[INFO] 2013-09-25 15:58:29.598 (quartzScheduler_Worker-3) job.EmarsysUploaderJob {} - ms : dateFile 201309170
[INFO] 2013-09-25 15:58:29.598 (quartzScheduler_Worker-3) job.EmarsysUploaderJob {} - ms : dateFile 201309170
[INFO] 2013-09-25 15:58:29.598 (quartzScheduler_Worker-3) job.EmarsysUploaderJob {} - ms : dateFile 201309170
[INFO] 2013-09-25 15:58:29.598 (quartzScheduler_Worker-3) job.EmarsysUploaderJob {} - ms : dateFile 201309170
[INFO] 2013-09-25 15:58:29.598 (quartzScheduler_Worker-3) job.EmarsysUploaderJob {} - ms : dateFile 201309170
[INFO] 2013-09-25 15:58:29.598 (quartzScheduler_Worker-3) job.EmarsysUploaderJob {} - ms : dateFile 201309170
[INFO] 2013-09-25 15:58:29.598 (quartzScheduler_Worker-3) job.EmarsysUploaderJob {} - ms : dateFile 201309170
[INFO] 2013-09-25 15:58:29.598 (quartzScheduler_Worker-3) job.EmarsysUploaderJob {} - ms : dateFile 201309170
[INFO] 2013-09-25 15:58:29.598 (quartzScheduler_Worker-3) job.EmarsysUploaderJob {} - ms : dateFile 201309170
[INFO] 2013-09-25 15:58:29.598 (quartzScheduler_Worker-3) job.EmarsysUploaderJob {} - ms : dateFile 201309170
[INFO] 2013-09-25 15:58:29.598 (quartzScheduler_Worker-3) job.EmarsysUploaderJob {} - ms : dateFile 201309170
[INFO] 2013-09-25 15:58:29.598 (quartzScheduler_Worker-3) job.EmarsysUploaderJob {} - ms : dateFile 201309170
[INFO] 2013-09-25 15:58:29.598 (quartzScheduler_Worker-3) job.EmarsysUploaderJob {} - ms : dateFile 201309170
[INFO] 2013-09-25 15:58:29.598 (quartzScheduler_Worker-3) job.EmarsysUploaderJob {} - ms : dateFile 201309170
[INFO] 2013-09-25 15:58:29.598 (quartzScheduler_Worker-3) job.EmarsysUploaderJob {} - ms : dateFile 201309170
[INFO] 2013-09-25 15:58:29.598 (quartzScheduler_Worker-3) job.EmarsysUploaderJob {} - ms : dateFile 201309170
[INFO] 2013-09-25 15:58:29.598 (quartzScheduler_Worker-3) job.EmarsysUploaderJob {} - ms : dateFile 201309170
[INFO] 2013-09-25 15:58:29.598 (quartzScheduler_Worker-3) job.EmarsysUploaderJob {} - ms : dateFile 201309170
[INFO] 2013-09-25 15:58:29.598 (quartzScheduler_Worker-3) job.EmarsysUploaderJob {} - ms : dateFile 201309170
[INFO] 2013-09-25 15:58:29.598 (quartzScheduler_Worker-3) job.EmarsysUploaderJob {} - ms : dateFile 201309170
[INFO] 2013-09-25 15:58:29.598 (quartzScheduler_Worker-3) job.EmarsysUploaderJob {} - ms : dateFile 201309170
[INFO] 2013-09-25 15:58:29.598 (quartzScheduler_Worker-3) job.EmarsysUploaderJob {} - ms : dateFile 201309170
[INFO] 2013-09-25 15:58:29.598 (quartzScheduler_Worker-3) job.EmarsysUploaderJob {} - ms : dateFile 201309170
[INFO] 2013-09-25 15:58:29.598 (quartzScheduler_Worker-3) job.EmarsysUploaderJob {} - ms : dateFile 201309170
[INFO] 2013-09-25 15:58:29.598 (quartzScheduler_Worker-3) job.EmarsysUploaderJob {} - ms : dateFile 201309170
[INFO] 2013-09-25 15:58:29.598 (quartzScheduler_Worker-3) job.EmarsysUploaderJob {} - ms : dateFile 201309170
[INFO] 2013-09-25 15:58:29.598 (quartzScheduler_Worker-3) job.EmarsysUploaderJob {} - ms : dateFile 201309170
[INFO] 2013-09-25 15:58:29.598 (quartzScheduler_Worker-3) job.EmarsysUploaderJob {} - ms : dateFile 201309170
[INFO] 2013-09-25 15:58:29.598 (quartzScheduler_Worker-3) job.EmarsysUploaderJob {} - ms : dateFile 201309170
[INFO] 2013-09-25 15:58:29.598 (quartzScheduler_Worker-3) job.EmarsysUploaderJob {} - ms : dateFile 201309170
[INFO] 2013-09-25 15:58:29.598 (quartzScheduler_Worker-3) job.EmarsysUploaderJob {} - ms : dateFile 201309170
[INFO] 2013-09-25 15:58:29.598 (quartzScheduler_Worker-3) job.EmarsysUploaderJob {} - ms : dateFile 201309170
[INFO] 2013-09-25 15:58:29.598 (quartzScheduler_Worker-3) job.EmarsysUploaderJob {} - ms : dateFile 201309170
[INFO] 2013-09-25 15:58:29.598 (quartzScheduler_Worker-3) job.EmarsysUploaderJob {} - ms : dateFile 201309170
[INFO] 2013-09-25 15:58:29.598 (quartzScheduler_Worker-3) job.EmarsysUploaderJob {} - ms : dateFile 201309170
[INFO] 2013-09-25 15:58:29.598 (quartzScheduler_Worker-3) job.EmarsysUploaderJob {} - ms : dateFile 201309170
[INFO] 2013-09-25 15:58:29.598 (quartzScheduler_Worker-3) job.EmarsysUploaderJob {} - ms : dateFile 201309170
[INFO] 2013-09-25 15:58:29.598 (quartzScheduler_Worker-3) job.EmarsysUploaderJob {} - ms : dateFile 201309170
[INFO] 2013-09-25 15:58:29.598 (quartzScheduler_Worker-3) job.EmarsysUploaderJob {} - ms : dateFile 201309170
[INFO] 2013-09-25 15:58:29.598 (quartzScheduler_Worker-3) job.EmarsysUploaderJob {} - ms : dateFile 201309170
[INFO] 2013-09-25 15:58:29.598 (quartzScheduler_Worker-3) job.EmarsysUploaderJob {} - ms : dateFile 201309170
[INFO] 2013-09-25 15:58:29.598 (quartzScheduler_Worker-3) job.EmarsysUploaderJob {} - ms : dateFile 201309170
[INFO] 2013-09-25 15:58:29.598 (quartzScheduler_Worker-3) job.EmarsysUploaderJob {} - ms : dateFile 201309170
[INFO] 2013-09-25 15:58:29.598 (quartzScheduler_Worker-3) job.EmarsysUploaderJob {} - ms : dateFile 201309170
[INFO] 2013-09-25 15:58:29.598 (quartzScheduler_Worker-3) job.EmarsysUploaderJob {} - ms : dateFile 201309170
[INFO] 2013-09-25 15:58:29.598 (quartzScheduler_Worker-3) job.EmarsysUploaderJob {} - ms : dateFile 201309170
[INFO] 2013-09-25 15:58:29.598 (quartzScheduler_Worker-3) job.EmarsysUploaderJob {} - ms : dateFile 201309170
[INFO] 2013-09-25 15:58:29.598 (quartzScheduler_Worker-3) job.EmarsysUploaderJob {} - ms : dateFile 201309170
[INFO] 2013-09-25 15:58:29.598 (quartzScheduler_Worker-3) job.EmarsysUploaderJob {} - ms : dateFile 201309170
[INFO] 2013-09-25 15:58:29.598 (quartzScheduler_Worker-3) job.EmarsysUploaderJob {} - ms : dateFile 201309170
[INFO] 2013-09-25 15:58:29.598 (quartzScheduler_Worker-3) job.EmarsysUploaderJob {} - ms : dateFile 201309170
[INFO] 2013-09-25 15:58:29.598 (quartzScheduler_Worker-3) job.EmarsysUploaderJob {} - ms : dateFile 201309170
[INFO] 2013-09-25 15:58:29.598 (quartzScheduler_Worker-3) job.EmarsysUploaderJob {} - ms : dateFile 201309170
[INFO] 2013-09-25 15:58:29.598 (quartzScheduler_Worker-3) job.EmarsysUploaderJob {} - ms : dateFile 201309170
[INFO] 2013-09-25 15:58:29.598 (quartzScheduler_Worker-3) job.EmarsysUploaderJob {} - ms : dateFile 201309170
[INFO] 2013-09-25 15:58:29.598 (quartzScheduler_Worker-3) job.EmarsysUploaderJob {} - ms : dateFile 201309170
[INFO] 2013-09-25 15:58:29.598 (quartzScheduler_Worker-3) job.EmarsysUploaderJob {} - ms : dateFile 201309170
[INFO] 2013-09-25 15:58:29.598 (quartzScheduler_Worker-3) job.EmarsysUploaderJob {} - ms : dateFile 201309170
[INFO] 2013-09-25 15:58:29.598 (quartzScheduler_Worker-3) job.EmarsysUploaderJob {} - ms : dateFile 201309170
[INFO] 2013-09-25 15:58:29.598 (quartzScheduler_Worker-3) job.EmarsysUploaderJob {} - ms : dateFile 201309170
[INFO] 2013-09-25 15:58:29.598 (quartzScheduler_Worker-3) job.EmarsysUploaderJob {} - ms : dateFile 201309170
[INFO] 2013-09-25 15:58:29.598 (quartzScheduler_Worker-3) job.EmarsysUploaderJob {} - ms : dateFile 201309170
[INFO] 2013-09-25 15:58:29.598 (quartzScheduler_Worker-3) job.EmarsysUploaderJob {} - ms : dateFile 201309170
[INFO] 2013-09-25 15:58:29.598 (quartzScheduler_Worker-3) job.EmarsysUploaderJob {} - ms : dateFile 201309170
[INFO] 2013-09-25 15:58:29.598 (quartzScheduler_Worker-3) job.EmarsysUploaderJob {} - ms : dateFile 201309170
[INFO] 2013-09-25 15:58:29.598 (quartzScheduler_Worker-3) job.EmarsysUploaderJob {} - ms : dateFile 201309170
[INFO] 2013-09-25 15:58:29.598 (quartzScheduler_Worker-3) job.EmarsysUploaderJob {} - ms : dateFile 201309170
[INFO] 2013-09-25 15:58:29.598 (quartzScheduler_Worker-3) job.EmarsysUploaderJob {} - ms : dateFile 201309170
[INFO] 2013-09-25 15:58:29.598 (quartzScheduler_Worker-3) job.EmarsysUploaderJob {} - ms : dateFile 201309170
[INFO] 2013-09-25 15:58:29.598 (quartzScheduler_Worker-3) job.EmarsysUploaderJob {} - ms : dateFile 201309170
[INFO] 2013-09-25 15:58:29.598 (quartzScheduler_Worker-3) job.EmarsysUploaderJob {} - ms : dateFile 201309170
[INFO] 2013-09-25 15:58:29.598 (quartzScheduler_Worker-3) job.EmarsysUploaderJob {} - ms : dateFile 201309170
[INFO] 2013-09-25 15:58:29.598 (quartzScheduler_Worker-3) job.EmarsysUploaderJob {} - ms : dateFile 201309170
[INFO] 2013-09-25 15:58:29.598 (quartzScheduler_Worker-3) job.EmarsysUploaderJob {} - ms : dateFile 201309170
[INFO] 2013-09-25 15:58:29.598 (quartzScheduler_Worker-3) job.EmarsysUploaderJob {} - ms : dateFile 201309170
[INFO] 2013-09-25 15:58:29.598 (quartzScheduler_Worker-3) job.EmarsysUploaderJob {} - ms : dateFile 201309170
[INFO] 2013-09-25 15:58:29.598 (quartzScheduler_Worker-3) job.EmarsysUploaderJob {} - ms : dateFile 201309170
[INFO] 2013-09-25 15:58:29.598 (quartzScheduler_Worker-3) job.EmarsysUploaderJob {} - ms : dateFile 201309170
[INFO] 2013-09-25 15:58:29.598 (quartzScheduler_Worker-3) job.EmarsysUploaderJob {} - ms : dateFile 201309170
[INFO] 2013-09-25 15:58:29.598 (quartzScheduler_Worker-3) job.EmarsysUploaderJob {} - ms : dateFile 201309170
[INFO] 2013-09-25 15:58:29.598 (quartzScheduler_Worker-3) job.EmarsysUploaderJob {} - ms : dateFile 201309170
[INFO] 2013-09-25 15:58:29.598 (quartzScheduler_Worker-3) job.EmarsysUploaderJob {} - ms : dateFile 201309170
[INFO] 2013-09-25 15:58:29.598 (quartzScheduler_Worker-3) job.EmarsysUploaderJob {} - ms : dateFile 201309170
[INFO] 2013-09-25 15:58:29.598 (quartzScheduler_Worker-3) job.EmarsysUploaderJob {} - ms : dateFile 201309170
[INFO] 2013-09-25 15:58:29.598 (quartzScheduler_Worker-3) job.EmarsysUploaderJob {} - ms : dateFile 201309170
[INFO] 2013-09-25 15:58:29.598 (quartzScheduler_Worker-3) job.EmarsysUploaderJob {} - ms : dateFile 201309170
[INFO] 2013-09-25 15:58:29.598 (quartzScheduler_Worker-3) job.EmarsysUploaderJob {} - ms : dateFile 201309170
[INFO] 2013-09-25 15:58:29.598 (quartzScheduler_Worker-3) job.EmarsysUploaderJob {} - ms : dateFile 201309170
[INFO] 2013-09-25 15:58:29.598 (quartzScheduler_Worker-3) job.EmarsysUploaderJob {} - ms : dateFile 201309170
[INFO] 2013-09-25 15:58:29.598 (quartzScheduler_Worker-3) job.EmarsysUploaderJob {} - ms : dateFile 201309170
[INFO] 2013-09-25 15:58:29.598 (quartzScheduler_Worker-3) job.EmarsysUploaderJob {} - ms : dateFile 201309170
[INFO] 2013-09-25 15:58:29.598 (quartzScheduler_Worker-3) job.EmarsysUploaderJob {} - ms : dateFile 201309170
[INFO] 2013-09-25 15:58:29.598 (quartzScheduler_Worker-3) job.EmarsysUploaderJob {} - ms : dateFile 201309170
[INFO] 2013-09-25 15:58:29.598 (quartzScheduler_Worker-3) job.EmarsysUploaderJob {} - ms : dateFile 201309170
[INFO] 2013-09-25 15:58:29.598 (quartzScheduler_Worker-3) job.EmarsysUploaderJob {} - ms : dateFile 201309170
[INFO] 2013-09-25 15:58:29.598 (quartzScheduler_Worker-3) job.EmarsysUploaderJob {} - ms : dateFile 201309170
[INFO] 2013-09-25 15:58:29.598 (quartzScheduler_Worker-3) job.EmarsysUploaderJob {} - ms : dateFile 201309170
[INFO] 2013-09-25 15:58:29.598 (quartzScheduler_Worker-3) job.EmarsysUploaderJob {} - ms : dateFile 201309170
[INFO] 2013-09-25 15:58:29.598 (quartzScheduler_Worker-3) job.EmarsysUploaderJob {} - ms : dateFile 201309170
[INFO] 2013-09-25 15:58:29.598 (quartzScheduler_Worker-3) job.EmarsysUploaderJob {} - ms : dateFile 201309170
[INFO] 2013-09-25 15:58:29.598 (quartzScheduler_Worker-3) job.EmarsysUploaderJob {} - ms : dateFile 201309170
[INFO] 2013-09-25 15:58:29.598 (quartzScheduler_Worker-3) job.EmarsysUploaderJob {} - ms : dateFile 201309170
[INFO] 2013-09-25 15:58:29.598 (quartzScheduler_Worker-3) job.EmarsysUploaderJob {} - ms : dateFile 201309170
[INFO] 2013-09-25 15:58:29.598 (quartzScheduler_Worker-3) job.EmarsysUploaderJob {} - ms : dateFile 201309170
[INFO] 2013-09-25 15:58:29.598 (quartzScheduler_Worker-3) job.EmarsysUploaderJob {} - ms : dateFile 201309170
[INFO] 2013-09-25 15:58:29.598 (quartzScheduler_Worker-3) job.EmarsysUploaderJob {} - ms : dateFile 201309170
[INFO] 2013-09-25 15:58:29.598 (quartzScheduler_Worker-3) job.EmarsysUploaderJob {} - ms : dateFile 201309170
[INFO] 2013-09-25 15:58:29.598 (quartzScheduler_Worker-3) job.EmarsysUploaderJob {} - ms : dateFile 201309170
[INFO] 2013-09-25 15:58:29.598 (quartzScheduler_Worker-3) job.EmarsysUploaderJob {} - ms : dateFile 201309170
[INFO] 2013-09-25 15:58:29.598 (quartzScheduler_Worker-3) job.EmarsysUploaderJob {} - ms : dateFile 201309170
[INFO] 2013-09-25 15:58:29.598 (quartzScheduler_Worker-3) job.EmarsysUploaderJob {} - ms : dateFile 201309170
[INFO] 2013-09-25 15:58:29.598 (quartzScheduler_Worker-3) job.EmarsysUploaderJob {} - ms : dateFile 201309170
[INFO] 2013-09-25 15:58:29.598 (quartzScheduler_Worker-3) job.EmarsysUploaderJob {} - ms : dateFile 201309170
[INFO] 2013-09-25 15:58:29.598 (quartzScheduler_Worker-3) job.EmarsysUploaderJob {} - ms : dateFile 201309170
[INFO] 2013-09-25 15:58:29.598 (quartzScheduler_Worker-3) job.EmarsysUploaderJob {} - ms : dateFile 201309170
[INFO] 2013-09-25 15:58:29.598 (quartzScheduler_Worker-3) job.EmarsysUploaderJob {} - ms : dateFile 201309170
[INFO] 2013-09-25 15:58:29.598 (quartzScheduler_Worker-3) job.EmarsysUploaderJob {} - ms : dateFile 201309170
